// Jest Snapshot v1, https://goo.gl/fbAQLP

exports[`renders correctly 1`] = `
<div
  className="banner"
>
  <h1 />
  <div />
  <p />
</div>
`;
